LTspice 26.0.2 for Windows
Circuit: C:\Users\adity\Semester 2 2026\electeng-209-team-42\LTSpice Simulations\Master Simulation.net
Start Time: Mon Aug 24 23:58:33 2026
solver = Normal
Maximum thread count: 2
tnom = 27
temp = 27
method = trap
Early termination of direct N-R iteration.
Direct Newton iteration failed to find operating point.
Starting Gmin stepping
Gmin stepping failed to find operating point. Use".option gminsteps=0" to skip all Gmin stepping.
Starting source stepping with srcstepmethod=0
Source stepping succeeded in finding the operating point.

Total elapsed time: 36.253 seconds.

Files loaded:
C:\Users\adity\Semester 2 2026\electeng-209-team-42\LTSpice Simulations\Master Simulation.net
C:\Users\adity\AppData\Local\LTspice\lib\cmp\standard.dio
C:\Users\adity\Semester 2 2026\electeng-209-team-42\LTSpice Simulations\LM324.lib
C:\Users\adity\AppData\Local\LTspice\lib\sub\LT1083.lib

